
Memory Configuration

Name             Origin             Length             Attributes
RAM              0x0000000020000000 0x0000000000005000 xrw
FLASH            0x0000000008000000 0x0000000000010000 xr
*default*        0x0000000000000000 0xffffffffffffffff

Linker script and memory map

                0x0000000000000100                _Min_Heap_Size = 0x100
                0x0000000000000400                _Min_Stack_Size = 0x400
                0x0000000020005000                _estack = (ORIGIN (RAM) + LENGTH (RAM))

.isr_vector     0x0000000008000000        0x0
                0x0000000008000000                . = ALIGN (0x4)
 *(.isr_vector)
                0x0000000008000000                . = ALIGN (0x4)

.text           0x0000000008000000        0x8
                0x0000000008000000                . = ALIGN (0x4)
 *(.text)
 .text          0x0000000008000000        0x6 application.o
                0x0000000008000000                main
 *(.text*)
                0x0000000008000008                . = ALIGN (0x4)
 *fill*         0x0000000008000006        0x2 
                0x0000000008000008                _etext = .

.glue_7         0x0000000008000008        0x0
 .glue_7        0x0000000008000008        0x0 linker stubs

.glue_7t        0x0000000008000008        0x0
 .glue_7t       0x0000000008000008        0x0 linker stubs

.vfp11_veneer   0x0000000008000008        0x0
 .vfp11_veneer  0x0000000008000008        0x0 linker stubs

.v4_bx          0x0000000008000008        0x0
 .v4_bx         0x0000000008000008        0x0 linker stubs

.rodata         0x0000000008000008        0x0
                0x0000000008000008                . = ALIGN (0x4)
 *(.rodata)
 *(.rodata*)
                0x0000000008000008                . = ALIGN (0x4)

.data           0x0000000020000000        0x0 load address 0x0000000008000008
                0x0000000020000000                . = ALIGN (0x4)
                0x0000000020000000                _sdata = .
 *(.data)
 .data          0x0000000020000000        0x0 application.o
 *(.data*)
                0x0000000020000000                . = ALIGN (0x4)
                0x0000000020000000                _edata = .

.bss            0x0000000020000000        0x0 load address 0x0000000008000008
                0x0000000020000000                . = ALIGN (0x4)
                0x0000000020000000                _sbss = .
 *(.bss)
 .bss           0x0000000020000000        0x0 application.o
 *(.bss*)
                0x0000000020000000                . = ALIGN (0x4)
                0x0000000020000000                _ebss = .

._user_heap_stack
                0x0000000020000000      0x500 load address 0x0000000008000008
                0x0000000020000000                . = ALIGN (0x8)
                0x0000000020000100                . = (. + _Min_Heap_Size)
 *fill*         0x0000000020000000      0x100 
                0x0000000020000500                . = (. + _Min_Stack_Size)
 *fill*         0x0000000020000100      0x400 
                0x0000000020000500                . = ALIGN (0x8)
LOAD application.o
OUTPUT(Testing.elf elf32-littlearm)
LOAD linker stubs

.comment        0x0000000000000000       0x33
 .comment       0x0000000000000000       0x33 application.o
                                         0x34 (size before relaxing)

.ARM.attributes
                0x0000000000000000       0x2d
 .ARM.attributes
                0x0000000000000000       0x2d application.o
