11:28:57 **** Incremental Build of configuration Debug for project Dashboard ****
make -j8 all 
arm-none-eabi-gcc "../Core/Src/main.c" -mcpu=cortex-m3 -std=gnu11 -g3 -DDEBUG -DUSE_HAL_DRIVER -DSTM32F103xB -c -I../Core/Inc -I../Drivers/STM32F1xx_HAL_Driver/Inc -I../Drivers/STM32F1xx_HAL_Driver/Inc/Legacy -I../Drivers/CMSIS/Device/ST/STM32F1xx/Include -I../Drivers/CMSIS/Include -I"/home/ahmed-ferganey/Desktop/MyGitHub/GraduationProject/Dashboard/CubeIDE/Dashboard/APPLICATION_Layer/DISPLAY_Module" -I"/home/ahmed-ferganey/Desktop/MyGitHub/GraduationProject/Dashboard/CubeIDE/Dashboard/APPLICATION_Layer/GET_Module" -I"/home/ahmed-ferganey/Desktop/MyGitHub/GraduationProject/Dashboard/CubeIDE/Dashboard/APPLICATION_Layer/RTC_Module" -I"/home/ahmed-ferganey/Desktop/MyGitHub/GraduationProject/Dashboard/CubeIDE/Dashboard/APPLICATION_Layer/OBSERVER_Module" -I"/home/ahmed-ferganey/Desktop/MyGitHub/GraduationProject/Dashboard/CubeIDE/Dashboard/COMMON_Layer" -O0 -ffunction-sections -fdata-sections -Wall -fstack-usage -fcyclomatic-complexity -MMD -MP -MF"Core/Src/main.d" -MT"Core/Src/main.o" --specs=nano.specs -mfloat-abi=soft -mthumb -o "Core/Src/main.o"
arm-none-eabi-gcc -o "Dashboard.elf" @"objects.list"   -mcpu=cortex-m3 -T"/home/ahmed-ferganey/Desktop/MyGitHub/GraduationProject/Dashboard/CubeIDE/Dashboard/STM32F103C8TX_FLASH.ld" --specs=nosys.specs -Wl,-Map="Dashboard.map" -Wl,--gc-sections -static --specs=nano.specs -mfloat-abi=soft -mthumb -Wl,--start-group -lc -lm -Wl,--end-group
Finished building target: Dashboard.elf
 
arm-none-eabi-size   Dashboard.elf 
arm-none-eabi-objdump -h -S  Dashboard.elf  > "Dashboard.list"
arm-none-eabi-objcopy  -O ihex  Dashboard.elf  "Dashboard.hex"
arm-none-eabi-objcopy  -O binary  Dashboard.elf  "Dashboard.bin"
   text	   data	    bss	    dec	    hex	filename
   3560	     20	   1572	   5152	   1420	Dashboard.elf
Finished building: default.size.stdout
 
Finished building: Dashboard.hex
Finished building: Dashboard.bin
 
 
Finished building: Dashboard.list
 

11:28:58 Build Finished. 0 errors, 0 warnings. (took 829ms)

